// Jest Snapshot v1, https://goo.gl/fbAQLP

exports[`GetAllJobs it should test the error state. 1`] = `
<div
  class="text-center my-10"
  data-testid="error"
>
  <img
    alt="Error gif"
    class="select-none object-contain w-max mx-auto"
    src="error-gif.webp"
  />
  <button
    class="sc-bdfBwQ sc-fubCfw kOVXAr bsBkXx"
  >
    Refetch Content
  </button>
</div>
`;

exports[`GetAllJobs it should test the loading state. 1`] = `
<div
  class="text-center my-20 mx-auto w-max"
  data-testid="loading"
>
  <img
    alt="Loading gif"
    class="select-none object-contain"
    src="loading-gif.webp"
  />
</div>
`;

exports[`GetAllJobs it should test the success state. 1`] = `
<article
  class="w-full"
  data-testid="jobs-article"
>
  <aside
    class="sc-eCssSg cPLCZE"
    data-testid="job-XXXX"
  >
    <div
      class="flex flex-col sm:flex-row justify-between sm:items-center"
    >
      <span
        class="font-light text-gray-600"
      >
        Mar 12, 2021
      </span>
      <div
        class="flex justify-start py-1"
      >
        <button
          class="sc-iBPRYJ gEACbz text-gray-700 truncate whitespace-nowrap"
          data-testid="type-XXXX"
        >
          bulldog
        </button>
        <button
          class="sc-iBPRYJ gEACbz text-gray-700 truncate whitespace-nowrap"
          data-testid="location-XXXX"
        >
          location
        </button>
      </div>
    </div>
    <div
      class="mt-2"
      data-testid="title-XXXX"
    >
      <a
        class="text-xl text-gray-700 font-bold hover:text-gray-600"
        href="some_random_url"
        rel="noopener noreferrer"
        target="_blank"
      >
        Buck
      </a>
    </div>
    <div
      class="flex flex-col sm:flex-row justify-between sm:items-center mt-4"
    >
      <a
        class="text-blue-600 hover:underline whitespace-nowrap order-last sm:order-first mt-2 sm:mt-0"
        href="some_random_url"
        rel="noopener noreferrer"
        target="_blank"
      >
        Read more
      </a>
      <div>
        <a
          class="flex items-center"
          href="some_company_url"
          rel="noopener noreferrer"
          target="_blank"
        >
          <img
            alt="avatar"
            class="mx-4 w-10 h-10 object-contain hidden sm:block"
            src="some_company_logo"
          />
          <h1
            class="text-gray-600 font-bold"
          >
            company
          </h1>
        </a>
      </div>
    </div>
  </aside>
</article>
`;
